exports[`App renders correctly 1`] = `
<div
  className="app">
  <div
    className="chat-window">
    <div
      className="chat-window__header">
      Chatting with 
      Laura
      <div
        className="chat-window__header__avatar"
        style={
          Object {
            "backgroundImage": "url(http://www.famousbirthdays.com/thumbnails/prepon-laura-large.jpg)",
          }
        } />
    </div>
    <div
      className="chat-window__messages">
      <div
        className="chat-window__messages__typing-indicators">
        <div
          className="typing-indicator">
          Laura
           is typing
        </div>
      </div>
    </div>
    <form
      className="chat-window__input-form"
      onSubmit={[Function]}>
      <input
        className="chat-window__input-form__input"
        onChange={[Function]}
        placeholder="Your message"
        value="" />
      <button
        className="chat-window__input-form__send-button">
        Send
      </button>
    </form>
  </div>
  <div
    className="chat-window">
    <div
      className="chat-window__header">
      Chatting with 
      Rob
      <div
        className="chat-window__header__avatar"
        style={
          Object {
            "backgroundImage": "url(https://pbs.twimg.com/profile_images/434822125396848640/WXyKtdMG.jpeg)",
          }
        } />
    </div>
    <div
      className="chat-window__messages">
      <div
        className="chat-window__messages__typing-indicators">
        <div
          className="typing-indicator">
          Rob
           is typing
        </div>
      </div>
    </div>
    <form
      className="chat-window__input-form"
      onSubmit={[Function]}>
      <input
        className="chat-window__input-form__input"
        onChange={[Function]}
        placeholder="Your message"
        value="" />
      <button
        className="chat-window__input-form__send-button">
        Send
      </button>
    </form>
  </div>
</div>
`;
