exports[`App renders correctly 1`] = `
<div
  className="app">
  <div
    className="chat-window">
    <div
      className="chat-window__header">
      Chatting with 
      Laura
    </div>
    <div
      className="chat-window__messages">
      <div
        className="chat-window__messages__typing-indicators">
        <div
          className="typing-indicator">
          Laura
           is typing
        </div>
      </div>
    </div>
    <form
      onSubmit={[Function]}>
      <input
        onChange={[Function]}
        placeholder="Send Message"
        value="" />
      <button>
        Send
      </button>
    </form>
  </div>
  <div
    className="chat-window">
    <div
      className="chat-window__header">
      Chatting with 
      Rob
    </div>
    <div
      className="chat-window__messages">
      <div
        className="chat-window__messages__typing-indicators">
        <div
          className="typing-indicator">
          Rob
           is typing
        </div>
      </div>
    </div>
    <form
      onSubmit={[Function]}>
      <input
        onChange={[Function]}
        placeholder="Send Message"
        value="" />
      <button>
        Send
      </button>
    </form>
  </div>
</div>
`;
